// Jest Snapshot v1, https://goo.gl/fbAQLP

exports[`TabLayout should render the initial tab 1`] = `null`;
