// Jest Snapshot v1, https://goo.gl/fbAQLP

exports[`Home should render Header with Search and ShowsList 1`] = `
<View
  className="flex-1 pb-4"
/>
`;
